// Jest Snapshot v1, https://goo.gl/fbAQLP

exports[`<App /> with no props should match the snapshot 1`] = `"<div class=\\"main\\"><audio loop=\\"\\" autoplay=\\"\\" hidden=\\"\\"><source src=\\"intergalactic.ogg\\" type=\\"audio/ogg\\"/></audio><div class=\\"main-container\\"><div class=\\"main-container-header\\"><div class=\\"main-container-header-logo\\"><img src=\\"logox2.png\\" alt=\\"logo\\"/></div><svg aria-hidden=\\"true\\" focusable=\\"false\\" data-prefix=\\"fas\\" data-icon=\\"volume-mute\\" class=\\"svg-inline--fa fa-volume-mute fa-w-16 fa-lg main-container-header-volume\\" role=\\"img\\" xmlns=\\"http://www.w3.org/2000/svg\\" viewBox=\\"0 0 512 512\\"><path fill=\\"currentColor\\" d=\\"M215.03 71.05L126.06 160H24c-13.26 0-24 10.74-24 24v144c0 13.25 10.74 24 24 24h102.06l88.97 88.95c15.03 15.03 40.97 4.47 40.97-16.97V88.02c0-21.46-25.96-31.98-40.97-16.97zM461.64 256l45.64-45.64c6.3-6.3 6.3-16.52 0-22.82l-22.82-22.82c-6.3-6.3-16.52-6.3-22.82 0L416 210.36l-45.64-45.64c-6.3-6.3-16.52-6.3-22.82 0l-22.82 22.82c-6.3 6.3-6.3 16.52 0 22.82L370.36 256l-45.63 45.63c-6.3 6.3-6.3 16.52 0 22.82l22.82 22.82c6.3 6.3 16.52 6.3 22.82 0L416 301.64l45.64 45.64c6.3 6.3 16.52 6.3 22.82 0l22.82-22.82c6.3-6.3 6.3-16.52 0-22.82L461.64 256z\\"></path></svg></div><hr class=\\"main-container-hr\\"/><div class=\\"main-container-body\\"><h1>How fast do you type in only 5 seconds?</h1><h3>TRY THIS <span>â–¶ </span></h3><textarea class=\\"main-container-body-textarea\\" disabled=\\"\\"></textarea><h3>Time remaining: 5</h3><button class=\\"main-container-body-button sheen\\">Start</button><h1 id=\\"main-container-click\\">Word Count: 0</h1></div></div></div>"`;
